// Jest Snapshot v1, https://goo.gl/fbAQLP

exports[`<Timer /> should match snapshot 1`] = `
<div
  className="mr-2"
  style={
    Object {
      "backgroundColor": "#dff0d8",
      "border": "1px solid #d6e9c6",
      "borderRadius": "15px",
      "color": "#3c763d",
      "cursor": "not-allowed",
      "fontWeight": "700",
      "padding": "5px 14px",
    }
  }
>
  60
</div>
`;
